// Jest Snapshot v1, https://goo.gl/fbAQLP

exports[`App should properly render the component elements 1`] = `
<div>
  <p>
    loading...
  </p>
</div>
`;
